---
http_interactions:
- request:
    method: get
    uri: https://api.unsplash.com/search/photos?client_id=<clientid>&page=1&per_page=1&query=Denver,CO
    body:
      encoding: US-ASCII
      string: ''
    headers:
      User-Agent:
      - Faraday v1.8.0
      Accept-Encoding:
      - gzip;q=1.0,deflate;q=0.6,identity;q=0.3
      Accept:
      - "*/*"
  response:
    status:
      code: 200
      message: OK
    headers:
      Connection:
      - keep-alive
      Content-Length:
      - '1160'
      Server:
      - Cowboy
      Content-Type:
      - application/json
      Access-Control-Allow-Origin:
      - "*"
      Access-Control-Request-Method:
      - "*"
      Access-Control-Allow-Headers:
      - "*"
      Access-Control-Expose-Headers:
      - Link,X-Total,X-Per-Page,X-RateLimit-Limit,X-RateLimit-Remaining
      Cache-Control:
      - no-cache, no-store, must-revalidate
      X-Unsplash-Version:
      - v1
      Warning:
      - The tags property in this endpoint is deprecated. https://changelog.unsplash.com/deprecations/2021/07/12/tags-search-deprecation.html
      Link:
      - <https://api.unsplash.com/search/photos?client_id=<clientid>&page=5829&per_page=1&query=Denver%2CCO>;
        rel="last", <https://api.unsplash.com/search/photos?client_id=<clientid>&page=2&per_page=1&query=Denver%2CCO>;
        rel="next"
      X-Total:
      - '5829'
      X-Per-Page:
      - '1'
      Etag:
      - W/"e424b248352d8dc5e3f34760b890d7c0"
      X-Ratelimit-Limit:
      - '50'
      X-Ratelimit-Remaining:
      - '48'
      X-Request-Id:
      - f8c16f05-e90c-4f9b-a743-580b35000ec1
      X-Runtime:
      - '0.083602'
      Strict-Transport-Security:
      - max-age=31536000; includeSubDomains
      Via:
      - 1.1 vegur, 1.1 varnish, 1.1 varnish
      Accept-Ranges:
      - bytes
      Date:
      - Mon, 27 Dec 2021 23:27:55 GMT
      Age:
      - '4125'
      X-Served-By:
      - cache-iad-kiad7000176-IAD, cache-den8248-DEN
      X-Cache:
      - MISS, HIT
      X-Cache-Hits:
      - 0, 1
      X-Timer:
      - S1640647675.474236,VS0,VE1
      Vary:
      - Accept-Encoding, Origin,Authorization,Accept-Language,client-geo-region,Accept
    body:
      encoding: ASCII-8BIT
      string: !binary |-
        eyJ0b3RhbCI6NTgyOSwidG90YWxfcGFnZXMiOjU4MjksInJlc3VsdHMiOlt7ImlkIjoibXZ0clJkRkR6ekkiLCJjcmVhdGVkX2F0IjoiMjAyMS0xMC0xN1QxNzo0OTo1MC0wNDowMCIsInVwZGF0ZWRfYXQiOiIyMDIxLTEyLTI3VDA2OjI1OjExLTA1OjAwIiwicHJvbW90ZWRfYXQiOm51bGwsIndpZHRoIjo0MTYwLCJoZWlnaHQiOjUyMDAsImNvbG9yIjoiI2YzZjNmMyIsImJsdXJfaGFzaCI6Ikx4R1t5WUlBSVVqWn5xSVVNe1dCJWdNe1IlV0IiLCJkZXNjcmlwdGlvbiI6IkNvbW11bml0eSBpbiBEZW52ZXIuIiwiYWx0X2Rlc2NyaXB0aW9uIjpudWxsLCJ1cmxzIjp7InJhdyI6Imh0dHBzOi8vaW1hZ2VzLnVuc3BsYXNoLmNvbS9waG90by0xNjM0NTA3MzA3Nzk5LWFjZTliNDk4NDBiNz9peGlkPU1ud3lOelkwTXpSOE1Id3hmSE5sWVhKamFId3hmSHhFWlc1MlpYSWxNa05EVDN4bGJud3dmSHg4ZkRFMk5EQTJORE0xTlRBXHUwMDI2aXhsaWI9cmItMS4yLjEiLCJmdWxsIjoiaHR0cHM6Ly9pbWFnZXMudW5zcGxhc2guY29tL3Bob3RvLTE2MzQ1MDczMDc3OTktYWNlOWI0OTg0MGI3P2Nyb3A9ZW50cm9weVx1MDAyNmNzPXNyZ2JcdTAwMjZmbT1qcGdcdTAwMjZpeGlkPU1ud3lOelkwTXpSOE1Id3hmSE5sWVhKamFId3hmSHhFWlc1MlpYSWxNa05EVDN4bGJud3dmSHg4ZkRFMk5EQTJORE0xTlRBXHUwMDI2aXhsaWI9cmItMS4yLjFcdTAwMjZxPTg1IiwicmVndWxhciI6Imh0dHBzOi8vaW1hZ2VzLnVuc3BsYXNoLmNvbS9waG90by0xNjM0NTA3MzA3Nzk5LWFjZTliNDk4NDBiNz9jcm9wPWVudHJvcHlcdTAwMjZjcz10aW55c3JnYlx1MDAyNmZpdD1tYXhcdTAwMjZmbT1qcGdcdTAwMjZpeGlkPU1ud3lOelkwTXpSOE1Id3hmSE5sWVhKamFId3hmSHhFWlc1MlpYSWxNa05EVDN4bGJud3dmSHg4ZkRFMk5EQTJORE0xTlRBXHUwMDI2aXhsaWI9cmItMS4yLjFcdTAwMjZxPTgwXHUwMDI2dz0xMDgwIiwic21hbGwiOiJodHRwczovL2ltYWdlcy51bnNwbGFzaC5jb20vcGhvdG8tMTYzNDUwNzMwNzc5OS1hY2U5YjQ5ODQwYjc/Y3JvcD1lbnRyb3B5XHUwMDI2Y3M9dGlueXNyZ2JcdTAwMjZmaXQ9bWF4XHUwMDI2Zm09anBnXHUwMDI2aXhpZD1Nbnd5TnpZME16UjhNSHd4ZkhObFlYSmphSHd4Zkh4RVpXNTJaWElsTWtORFQzeGxibnd3Zkh4OGZERTJOREEyTkRNMU5UQVx1MDAyNml4bGliPXJiLTEuMi4xXHUwMDI2cT04MFx1MDAyNnc9NDAwIiwidGh1bWIiOiJodHRwczovL2ltYWdlcy51bnNwbGFzaC5jb20vcGhvdG8tMTYzNDUwNzMwNzc5OS1hY2U5YjQ5ODQwYjc/Y3JvcD1lbnRyb3B5XHUwMDI2Y3M9dGlueXNyZ2JcdTAwMjZmaXQ9bWF4XHUwMDI2Zm09anBnXHUwMDI2aXhpZD1Nbnd5TnpZME16UjhNSHd4ZkhObFlYSmphSHd4Zkh4RVpXNTJaWElsTWtORFQzeGxibnd3Zkh4OGZERTJOREEyTkRNMU5UQVx1MDAyNml4bGliPXJiLTEuMi4xXHUwMDI2cT04MFx1MDAyNnc9MjAwIn0sImxpbmtzIjp7InNlbGYiOiJodHRwczovL2FwaS51bnNwbGFzaC5jb20vcGhvdG9zL212dHJSZEZEenpJIiwiaHRtbCI6Imh0dHBzOi8vdW5zcGxhc2guY29tL3Bob3Rvcy9tdnRyUmRGRHp6SSIsImRvd25sb2FkIjoiaHR0cHM6Ly91bnNwbGFzaC5jb20vcGhvdG9zL212dHJSZEZEenpJL2Rvd25sb2FkP2l4aWQ9TW53eU56WTBNelI4TUh3eGZITmxZWEpqYUh3eGZIeEVaVzUyWlhJbE1rTkRUM3hsYm53d2ZIeDhmREUyTkRBMk5ETTFOVEEiLCJkb3dubG9hZF9sb2NhdGlvbiI6Imh0dHBzOi8vYXBpLnVuc3BsYXNoLmNvbS9waG90b3MvbXZ0clJkRkR6ekkvZG93bmxvYWQ/aXhpZD1Nbnd5TnpZME16UjhNSHd4ZkhObFlYSmphSHd4Zkh4RVpXNTJaWElsTWtORFQzeGxibnd3Zkh4OGZERTJOREEyTkRNMU5UQSJ9LCJjYXRlZ29yaWVzIjpbXSwibGlrZXMiOjIsImxpa2VkX2J5X3VzZXIiOmZhbHNlLCJjdXJyZW50X3VzZXJfY29sbGVjdGlvbnMiOltdLCJzcG9uc29yc2hpcCI6bnVsbCwidG9waWNfc3VibWlzc2lvbnMiOnsiY3VycmVudC1ldmVudHMiOnsic3RhdHVzIjoicmVqZWN0ZWQifX0sInVzZXIiOnsiaWQiOiI2Zk0wblRycHZUSSIsInVwZGF0ZWRfYXQiOiIyMDIxLTEyLTI2VDE5OjEyOjIyLTA1OjAwIiwidXNlcm5hbWUiOiJkaWxseWRhbGx5aW5nIiwibmFtZSI6IkRpbGxvbiBXYW5uZXIiLCJmaXJzdF9uYW1lIjoiRGlsbG9uIiwibGFzdF9uYW1lIjoiV2FubmVyIiwidHdpdHRlcl91c2VybmFtZSI6bnVsbCwicG9ydGZvbGlvX3VybCI6Imh0dHBzOi8vZGlsbHlkYWxseS5teXBvcnRmb2xpby5jb20iLCJiaW8iOiJBcnRpc3QsIFBob3RvZ3JhcGhlciwgY2luZW1hdG9ncmFwaGVyIGxpdmluZyBpbiBEZW52ZXIsIENvLiBcclxuTXkgcGhvdG9zIGFyZSBhIHNtYWxsIGdsaW1wc2Ugb2Ygd2hhdCBJ4oCZbSBmZWVsaW5nIG9yIHRoYXQgcGVyc3BlY3RpdmUgYXQgdGhhdCB0aW1lLiBUcnlpbmcgdG8gY29tbXVuaWNhdGUgdGhhdCB3aXRoIG90aGVyIGh1bWFucy4gSSBsb3ZlIHlvdS4iLCJsb2NhdGlvbiI6IkRlbnZlciBDb2xvcmFkbyIsImxpbmtzIjp7InNlbGYiOiJodHRwczovL2FwaS51bnNwbGFzaC5jb20vdXNlcnMvZGlsbHlkYWxseWluZyIsImh0bWwiOiJodHRwczovL3Vuc3BsYXNoLmNvbS9AZGlsbHlkYWxseWluZyIsInBob3RvcyI6Imh0dHBzOi8vYXBpLnVuc3BsYXNoLmNvbS91c2Vycy9kaWxseWRhbGx5aW5nL3Bob3RvcyIsImxpa2VzIjoiaHR0cHM6Ly9hcGkudW5zcGxhc2guY29tL3VzZXJzL2RpbGx5ZGFsbHlpbmcvbGlrZXMiLCJwb3J0Zm9saW8iOiJodHRwczovL2FwaS51bnNwbGFzaC5jb20vdXNlcnMvZGlsbHlkYWxseWluZy9wb3J0Zm9saW8iLCJmb2xsb3dpbmciOiJodHRwczovL2FwaS51bnNwbGFzaC5jb20vdXNlcnMvZGlsbHlkYWxseWluZy9mb2xsb3dpbmciLCJmb2xsb3dlcnMiOiJodHRwczovL2FwaS51bnNwbGFzaC5jb20vdXNlcnMvZGlsbHlkYWxseWluZy9mb2xsb3dlcnMifSwicHJvZmlsZV9pbWFnZSI6eyJzbWFsbCI6Imh0dHBzOi8vaW1hZ2VzLnVuc3BsYXNoLmNvbS9wcm9maWxlLTE2MTYyNjY0NzcxNTYtZTRjZDUwMTk3ZTRkaW1hZ2U/aXhsaWI9cmItMS4yLjFcdTAwMjZxPTgwXHUwMDI2Zm09anBnXHUwMDI2Y3JvcD1mYWNlc1x1MDAyNmNzPXRpbnlzcmdiXHUwMDI2Zml0PWNyb3BcdTAwMjZoPTMyXHUwMDI2dz0zMiIsIm1lZGl1bSI6Imh0dHBzOi8vaW1hZ2VzLnVuc3BsYXNoLmNvbS9wcm9maWxlLTE2MTYyNjY0NzcxNTYtZTRjZDUwMTk3ZTRkaW1hZ2U/aXhsaWI9cmItMS4yLjFcdTAwMjZxPTgwXHUwMDI2Zm09anBnXHUwMDI2Y3JvcD1mYWNlc1x1MDAyNmNzPXRpbnlzcmdiXHUwMDI2Zml0PWNyb3BcdTAwMjZoPTY0XHUwMDI2dz02NCIsImxhcmdlIjoiaHR0cHM6Ly9pbWFnZXMudW5zcGxhc2guY29tL3Byb2ZpbGUtMTYxNjI2NjQ3NzE1Ni1lNGNkNTAxOTdlNGRpbWFnZT9peGxpYj1yYi0xLjIuMVx1MDAyNnE9ODBcdTAwMjZmbT1qcGdcdTAwMjZjcm9wPWZhY2VzXHUwMDI2Y3M9dGlueXNyZ2JcdTAwMjZmaXQ9Y3JvcFx1MDAyNmg9MTI4XHUwMDI2dz0xMjgifSwiaW5zdGFncmFtX3VzZXJuYW1lIjoiRGlsbHlkYWxseS5pbmciLCJ0b3RhbF9jb2xsZWN0aW9ucyI6MCwidG90YWxfbGlrZXMiOjQ3LCJ0b3RhbF9waG90b3MiOjE3NSwiYWNjZXB0ZWRfdG9zIjp0cnVlLCJmb3JfaGlyZSI6dHJ1ZSwic29jaWFsIjp7Imluc3RhZ3JhbV91c2VybmFtZSI6IkRpbGx5ZGFsbHkuaW5nIiwicG9ydGZvbGlvX3VybCI6Imh0dHBzOi8vZGlsbHlkYWxseS5teXBvcnRmb2xpby5jb20iLCJ0d2l0dGVyX3VzZXJuYW1lIjpudWxsLCJwYXlwYWxfZW1haWwiOm51bGx9fSwidGFncyI6W3sidHlwZSI6InNlYXJjaCIsInRpdGxlIjoiZGVudmVyIn0seyJ0eXBlIjoic2VhcmNoIiwidGl0bGUiOiJjbyJ9LHsidHlwZSI6InNlYXJjaCIsInRpdGxlIjoidXNhIn1dfV19
  recorded_at: Mon, 27 Dec 2021 23:27:55 GMT
recorded_with: VCR 6.0.0
